// Jest Snapshot v1, https://goo.gl/fbAQLP

exports[`renders correctly 1`] = `
<div
  className=""
>
  <input
    checked={false}
    className=""
    type="radio"
  />
</div>
`;
