// Jest Snapshot v1, https://goo.gl/fbAQLP

exports[`renders correctly 1`] = `
<div
  className="bg-light-white  flex flex-col items-center justify-center text-center py-16 rounded-3xl space-y-6 drop-shadow-lg"
  data-aos="flip-down"
>
  <div
    className="flex items-center justify-center space-x-2"
  >
    <span
      className="uppercase text-4xl"
    >
       
      ticket
    </span>
  </div>
  <span
    className="text-base rtl:text-3xl text-black/50"
  >
    $
  </span>
  <div
    className="w-fit"
  >
    <a
      href="/payment?id="
      onClick={[Function]}
      onMouseEnter={[Function]}
      onTouchStart={[Function]}
    >
      <div
        className="relative self-center"
      >
        <button
          className="transform hover:bg-yellow transition duration-500  hover:animate-bounce hover:scale-75 active:bg-cyan focus:outline-none focus:ring focus:ring-cyan
                font-normal whitespace-nowrap cursor-pointer  uppercase text-lg md:text-xl lg:text-2xl rounded-md px-[25px] md:px-[35px] py-[8px] font-medium bg-cyan text-black "
          disabled={false}
          onClick={[Function]}
        >
          purchase
        </button>
      </div>
    </a>
  </div>
</div>
`;
