// Jest Snapshot v1, https://goo.gl/fbAQLP

exports[`renders correctly 1`] = `
<div
  className="container flex flex-col space-y-8 justify-between"
>
  <div
    className="mb-5 text-start"
  >
    <span
      className="font-normal block text-3xl md:text-4xl rtl:md:text-3xl lg:text-5xl rtl:lg:text-4xl uppercase break-words"
    >
      trustTherapistTitle
    </span>
  </div>
  <img
    alt="trust_therapist"
    data-nimg="1"
    decoding="async"
    height={300}
    loading="lazy"
    onError={[Function]}
    onLoad={[Function]}
    src="/_next/image?url=%2Ftrust_therapists.png&w=1200&q=75"
    srcSet="/_next/image?url=%2Ftrust_therapists.png&w=640&q=75 1x, /_next/image?url=%2Ftrust_therapists.png&w=1200&q=75 2x"
    style={
      {
        "color": "transparent",
      }
    }
    width={600}
  />
  <p
    className="pb-20"
  >
    trustTherapistSubtitle
    .
  </p>
  <a
    className="w-fit xl:w-full rtl:w-full"
    href="/appointment"
    onClick={[Function]}
    onMouseEnter={[Function]}
    onTouchStart={[Function]}
  >
    <div
      className="relative self-center"
    >
      <button
        className="transform hover:bg-yellow transition duration-500  hover:animate-bounce hover:scale-75 active:bg-cyan focus:outline-none focus:ring focus:ring-cyan
                font-normal whitespace-nowrap cursor-pointer  uppercase text-lg md:text-xl lg:text-2xl rounded-md px-[25px] md:px-[35px] py-[8px] font-medium bg-cyan text-black "
        disabled={false}
        onClick={[Function]}
      >
        bookAppointment
      </button>
    </div>
  </a>
</div>
`;
