// Jest Snapshot v1, https://goo.gl/fbAQLP

exports[`renders correctly 1`] = `
[
  <p
    className="mb-4 p-2 text:lg md:text-2xl lg:text-3xl font-normal break-words text-black"
  >
    counselingTypeTitle
  </p>,
  <fieldset
    className="space-y-4"
  >
    <div
      className="text-9xl font-normal text-black"
    >
      <div
        className="flex items-center space-y-4"
      >
        <input
          checked={false}
          className="peer hidden"
          id="individual"
          onChange={[Function]}
          type="radio"
          value="individual"
        />
        <label
          className="w-full flex cursor-pointer rounded-md p-4 text-base md:text-xl lg:text-2xl shadow-md border-[1px] border-light-gray/80 hover:border-gray peer-checked:border-none peer-checked:bg-cyan peer-checked:text-white"
          htmlFor="individual"
        >
          individualCounseling
        </label>
      </div>
      <div
        className="flex items-center space-y-4"
      >
        <input
          checked={false}
          className="peer hidden"
          id="teen"
          onChange={[Function]}
          type="radio"
          value="teen"
        />
        <label
          className="w-full flex cursor-pointer rounded-md p-4 text-base md:text-xl lg:text-2xl shadow-md border-[1px] border-light-gray/80 hover:border-gray peer-checked:border-none peer-checked:bg-cyan peer-checked:text-white"
          htmlFor="teen"
        >
          teenCounseling
        </label>
      </div>
    </div>
  </fieldset>,
]
`;
