// Jest Snapshot v1, https://goo.gl/fbAQLP

exports[`renders correctly 1`] = `
Array [
  <p
    className="mb-4 p-2 text:lg md:text-2xl lg:text-3xl font-normal break-words text-black"
  >
    whatRelationshipStatus
  </p>,
  <fieldset
    className="space-y-4"
  >
    <div
      className="text-9xl font-normal text-black"
    >
      <div
        className="flex items-center space-y-4"
      >
        <input
          checked={false}
          className="peer hidden"
          id="single"
          onChange={[Function]}
          type="radio"
          value="single"
        />
        <label
          className="w-full flex cursor-pointer rounded-md p-4 text-base md:text-xl lg:text-2xl shadow-md border-[1px] border-light-gray/80 hover:border-gray peer-checked:border-none peer-checked:bg-cyan peer-checked:text-white"
          htmlFor="single"
        >
          single
           
        </label>
      </div>
      <div
        className="flex items-center space-y-4"
      >
        <input
          checked={false}
          className="peer hidden"
          id="married"
          onChange={[Function]}
          type="radio"
          value="married"
        />
        <label
          className="w-full flex cursor-pointer rounded-md p-4 text-base md:text-xl lg:text-2xl shadow-md border-[1px] border-light-gray/80 hover:border-gray peer-checked:border-none peer-checked:bg-cyan peer-checked:text-white"
          htmlFor="married"
        >
          married
           
        </label>
      </div>
      <div
        className="flex items-center space-y-4"
      >
        <input
          checked={false}
          className="peer hidden"
          id="divorced"
          onChange={[Function]}
          type="radio"
          value="divorced"
        />
        <label
          className="w-full flex cursor-pointer rounded-md p-4 text-base md:text-xl lg:text-2xl shadow-md border-[1px] border-light-gray/80 hover:border-gray peer-checked:border-none peer-checked:bg-cyan peer-checked:text-white"
          htmlFor="divorced"
        >
          divorced
           
        </label>
      </div>
    </div>
  </fieldset>,
]
`;
