// Jest Snapshot v1, https://goo.gl/fbAQLP

exports[`renders correctly 1`] = `
<div
  className="relative mx-3"
>
  <img
    alt="undefined svg"
    className="w-full h-full"
    data-nimg="1"
    decoding="async"
    height={160}
    loading="lazy"
    onError={[Function]}
    onLoad={[Function]}
    src="/home/undefined.svg"
    style={
      Object {
        "color": "transparent",
      }
    }
    width={200}
  />
  <p
    className="uppercase absolute top-2 left-2 text-base bg-light-gray text-white px-2"
  />
</div>
`;
