// Jest Snapshot v1, https://goo.gl/fbAQLP

exports[`renders correctly 1`] = `
Array [
  "(",
  <div
    className="container pb-8"
  >
    <div
      className="mb-5 text-start"
    >
      <span
        className="font-normal block text-3xl md:text-4xl rtl:md:text-3xl lg:text-5xl rtl:lg:text-4xl uppercase break-words"
      >
        doYouHavevacancy
      </span>
      <p
        className="text-lg md:text-xl lg:text-2xl text-black/50"
      >
        doYouHavevacancyDescrption
      </p>
    </div>
    <div
      className="relative self-center"
    >
      <button
        className="transform hover:bg-yellow transition duration-500  hover:animate-bounce hover:scale-75 active:bg-cyan focus:outline-none focus:ring focus:ring-cyan
                font-normal whitespace-nowrap cursor-pointer  uppercase text-lg md:text-xl lg:text-2xl rounded-md px-[25px] md:px-[35px] py-[8px] font-medium bg-cyan text-black "
        disabled={false}
        onClick={[Function]}
      >
        addToCareersList
      </button>
    </div>
  </div>,
]
`;
