// Jest Snapshot v1, https://goo.gl/fbAQLP

exports[`renders correctly 1`] = `
<button
  className="font-normal whitespace-nowrap cursor-pointer  capitalize xl rounded-6px px-[25px] md:px-[35px] lg:px-[59px] py-[8px] font-medium bg-cyan text-black "
/>
`;
