// Jest Snapshot v1, https://goo.gl/fbAQLP

exports[`renders correctly 1`] = `
<select
  className="w-full border border-solid self-center text-light-gray border-light-gray/30 px-[20px] py-[10px] min-w-0 text-xl font-light rounded-md shadow-sm"
/>
`;
