// Jest Snapshot v1, https://goo.gl/fbAQLP

exports[`renders correctly 1`] = `
<span
  className="font-poppins  uppercase font-normal font-400 text-5xl leading-75 text-center tracking-tighter"
/>
`;
