// Jest Snapshot v1, https://goo.gl/fbAQLP

exports[`renders correctly 1`] = `
<input
  className="w-full border border-solid self-center border-gray-300 px-[20px] py-[10px] min-w-0 text-3xl font-light rounded-md"
  required={false}
/>
`;
